{
  "hist": {
    "true": 0.9734726625603055,
    "false": 0.026527337439694768
  }
}
