{
  "hist": {
    "true": 0.786986,
    "false": 0.213014
  }
}
