{
  "result": [
    [],
    [0,2,4,6,8],
    [1,3,5,7,9],
    624975000,
    625000000
  ]
}
