{
  "mean": 7.75,
  "std": 1.13,
  "tolerance": 0.5
}
