{
  "mean": 0.98,
  "std": 0.09,
  "tolerance": 0.5
}
