{
  "hist": {
    "true": 0.6,
    "false": 0.4
  },
  "tolerance": 0.05
}
