{
  "hist":  {
    "true": 0.25,
    "false": 0.75
  }
}
