{
  "expectedHist": {
    "0": 0.16,
    "1": 0.48,
    "2": 0.36
  },
  "tolerance": 0.1
}
